BatchNo = 39950 | Letter Type = CA-CURRACCNTCLOSURE | DocCount = 28
BatchNo = 39951 | Letter Type = CA-OPENLETTER | DocCount = 74
BatchNo = 39952 | Letter Type = CA-STANDARDAPPPACK | DocCount = 4
BatchNo = 39953 | Letter Type = CA-STATEMENT | DocCount = 63
BatchNo = 39954 | Letter Type = CA-TEENOPENLETTER | DocCount = 2
BatchNo = 39955 | Letter Type = DP-ACCOPENDEMAND | DocCount = 45
BatchNo = 39956 | Letter Type = DP-DEPACCOPEN | DocCount = 6
BatchNo = 39957 | Letter Type = DP-DEPACCOUNTCLOSURE | DocCount = 18
BatchNo = 39958 | Letter Type = DP-DEPCONFIRMATION | DocCount = 50
BatchNo = 39959 | Letter Type = DP-DEPCONFIRMATION-BUS | DocCount = 2
BatchNo = 39960 | Letter Type = DP-FXDTRMMAT | DocCount = 43
BatchNo = 39961 | Letter Type = DP-LODGEREC | DocCount = 335
BatchNo = 39962 | Letter Type = DP-REGSAVER | DocCount = 19
BatchNo = 39963 | Letter Type = DP-SDFUNDSRCPT-CUST | DocCount = 1
BatchNo = 39964 | Letter Type = DP-STATEMENT | DocCount = 34
BatchNo = 39965 | Letter Type = OP-CHANGEADDNEW | DocCount = 115
BatchNo = 39966 | Letter Type = OP-CHANGEADDOLD | DocCount = 115
BatchNo = 39967 | Letter Type = OP-CHANGEOFEMAILADDR | DocCount = 16
BatchNo = 39968 | Letter Type = OP-CHANGEPHONENUMBER | DocCount = 18
BatchNo = 39969 | Letter Type = OP-WDCONFIRMATION | DocCount = 78
